I ort 1.30.0, model_ort_int8.onnx, input 128x128x3
CSV1,0,20052,0
CSV1,1,16891,0
CSV1,2,13679,0
CSV1,3,13651,0
CSV1,4,13673,0
CSV1,5,13660,0
CSV1,6,13762,0
CSV1,7,13663,0
CSV1,8,13661,0
CSV1,9,13652,0
I RESULT 1 threads: best 13.651 ms, mean 14.634 ms over 10 runs
CSV4,0,4691,0
CSV4,1,4489,0
CSV4,2,4490,0
CSV4,3,4496,0
CSV4,4,4588,0
CSV4,5,4530,0
CSV4,6,4481,0
CSV4,7,4484,0
CSV4,8,4483,0
CSV4,9,4512,0
I RESULT 4 threads: best 4.481 ms, mean 4.524 ms over 10 runs
OUT,float32,0,-0.534985,-1.06997,1.06997,-1.60496,-1.06997,-1.60496,-0.534985,-1.06997,1.60496,-4.27988,0.534985,0.534985,0,0.534985,0,1.60496,0,1.06997,-0.534985,-0.534985,0.534985,-1.06997,-1.06997,1.60496,1.06997,-0.534985,-6.41982,-1.06997,-1.60496,0.534985,1.60496,-0.534985,2.13994,2.67493,-2.67493,-2.13994,-2.67493,2.67493,-1.60496,0,-1.06997,-1.06997,-0.534985,0.534985,-1.60496,-0.534985,2.13994,0.534985,0,0,-0.534985,1.06997,0.534985,-0.534985,2.13994,0,0.534985,-1.06997,0,0,-0.534985,0,-3.7449,-0.534985,0.534985,-0.534985,0,-1.06997,-1.06997,0.534985,0,-0.534985,0.534985,-2.67493,2.13994,1.06997,-0.534985,-0.534985,-0.534985,0,0,0,0,0,-1.06997,-1.60496,0,1.06997,0.534985,-0.534985,1.60496,-0.534985,-0.534985,2.13994,-0.534985,1.06997,0.534985,-0.534985,0,-0.534985
