I ort 1.30.0, model_ort_int8.onnx, input 32x32x3
CSV1,0,181,0
CSV1,1,157,0
CSV1,2,157,0
CSV1,3,160,0
CSV1,4,155,0
CSV1,5,150,0
CSV1,6,184,0
CSV1,7,156,0
CSV1,8,152,0
CSV1,9,152,0
I RESULT 1 threads: best 0.150 ms, mean 0.161 ms over 10 runs
CSV4,0,139,0
CSV4,1,88,0
CSV4,2,81,0
CSV4,3,80,0
CSV4,4,82,0
CSV4,5,83,0
CSV4,6,81,0
CSV4,7,83,0
CSV4,8,84,0
CSV4,9,84,0
I RESULT 4 threads: best 0.080 ms, mean 0.089 ms over 10 runs
OUT,float32,0,0.710935,-1.42187,-0.900517,0.568748,-1.32708,-0.995309,-0.142187,0.473956,0.379165,1.65885
