I ort 1.30.0, model_ort_int8.onnx, input 112x112x3
CSV1,0,25577,0
CSV1,1,25053,0
CSV1,2,25157,0
CSV1,3,25002,0
CSV1,4,25154,0
CSV1,5,25057,0
CSV1,6,25102,0
CSV1,7,25064,0
CSV1,8,25022,0
CSV1,9,25003,0
I RESULT 1 threads: best 25.002 ms, mean 25.119 ms over 10 runs
CSV4,0,12546,0
CSV4,1,12230,0
CSV4,2,12269,0
CSV4,3,12181,0
CSV4,4,12188,0
CSV4,5,12231,0
CSV4,6,12219,0
CSV4,7,12245,0
CSV4,8,12226,0
CSV4,9,12227,0
I RESULT 4 threads: best 12.181 ms, mean 12.256 ms over 10 runs
OUT,float32,0,0.766716,-0.766716,-1.53343,0,-0.383358,0.766716,1.15007,-0.383358,-1.15007,0,-0.383358,0.766716,-5.36701,0.383358,0.383358,0.383358,0.383358,0,-0.766716,-1.15007,0.383358,1.53343,-0.383358,0,0,1.91679,1.53343,-1.91679,0,-0.383358,1.15007,0.383358,-1.15007,-1.15007,-1.15007,0.383358,0.383358,-0.766716,0.383358,0.766716,-1.91679,0.383358,-9.9673,-1.15007,1.91679,0.766716,0.766716,-0.383358,0.383358,1.15007,-0.383358,-1.53343,1.15007,0.383358,0,0.383358,0.766716,0,-0.383358,0,0,-0.383358,-2.30015,-1.53343,-0.383358,-0.766716,0,-1.53343,0.383358,0,-0.766716,0.383358,-0.766716,1.15007,1.15007,-0.766716,0.383358,-0.383358,-0.766716,-0.383358,-0.383358,-0.383358,0.383358,1.15007,0.383358,1.15007,0,0.383358,1.53343,-0.383358,-2.30015,-1.91679,1.91679,-1.53343,0.766716,-0.383358,0.383358,-1.15007,0,0,1.53343,-0.766716,0,0.383358,0.766716,-0.766716,-0.383358,0.383358,0.766716,-0.766716,-0.766716,-0.766716,-0.766716,0.383358,0.383358,-0.383358,-0.383358,0.383358,-0.766716,-0.383358,-0.766716,0.766716,1.53343,-1.53343,-0.383358,-0.383358,-0.766716,0.383358
