ESP-ROM:esp32s3-20210327
Build:Mar 27 2021
rst:0x15 (USB_UART_CHIP_RESET),boot:0xc (SPI_FAST_FLASH_BOOT)
Saved PC:0x40056f5c
SPIWP:0xee
mode:DIO, clock div:1
load:0x3fce2810,len:0x1828
load:0x403c8700,len:0x4
load:0x403c8704,len:0xce8
load:0x403cb700,len:0x2eb8
entry 0x403c8918
[0;32mI (26) boot: ESP-IDF v5.3.5-1074-g045dd779fd3 2nd stage bootloader[0m
[0;32mI (27) boot: compile time Oct  7 2026 22:43:03[0m
[0;32mI (27) boot: Multicore bootloader[0m
[0;32mI (31) boot: chip revision: v0.1[0m
[0;32mI (35) boot: efuse block revision: v1.2[0m
[0;32mI (40) boot.esp32s3: Boot SPI Speed : 80MHz[0m
[0;32mI (44) boot.esp32s3: SPI Mode       : DIO[0m
[0;32mI (49) boot.esp32s3: SPI Flash Size : 16MB[0m
[0;32mI (54) boot: Enabling RNG early entropy source...[0m
[0;32mI (59) boot: Partition Table:[0m
[0;32mI (63) boot: ## Label            Usage          Type ST Offset   Length[0m
[0;32mI (70) boot:  0 nvs              WiFi data        01 02 00009000 00006000[0m
[0;32mI (78) boot:  1 phy_init         RF data          01 01 0000f000 00001000[0m
[0;32mI (85) boot:  2 factory          factory app      00 00 00010000 00600000[0m
[0;32mI (93) boot: End of partition table[0m
[0;32mI (97) esp_image: segment 0: paddr=00010020 vaddr=3c020020 size=10dd90h (1105296) map[0m
[0;32mI (307) esp_image: segment 1: paddr=0011ddb8 vaddr=3fc92800 size=02260h (  8800) load[0m
[0;32mI (309) esp_image: segment 2: paddr=00120020 vaddr=42000020 size=15c98h ( 89240) map[0m
[0;32mI (329) esp_image: segment 3: paddr=00135cc0 vaddr=3fc94a60 size=01044h (  4164) load[0m
[0;32mI (330) esp_image: segment 4: paddr=00136d0c vaddr=40374000 size=0e72ch ( 59180) load[0m
[0;32mI (354) boot: Loaded app from partition at offset 0x10000[0m
[0;32mI (354) boot: Disabling RNG early entropy source...[0m
[0;32mI (366) octal_psram: vendor id    : 0x0d (AP)[0m
[0;32mI (366) octal_psram: dev id       : 0x02 (generation 3)[0m
[0;32mI (367) octal_psram: density      : 0x03 (64 Mbit)[0m
[0;32mI (371) octal_psram: good-die     : 0x01 (Pass)[0m
[0;32mI (376) octal_psram: Latency      : 0x01 (Fixed)[0m
[0;32mI (382) octal_psram: VCC          : 0x01 (3V)[0m
[0;32mI (387) octal_psram: SRF          : 0x01 (Fast Refresh)[0m
[0;32mI (393) octal_psram: BurstType    : 0x01 (Hybrid Wrap)[0m
[0;32mI (399) octal_psram: BurstLen     : 0x01 (32 Byte)[0m
[0;32mI (404) octal_psram: Readlatency  : 0x02 (10 cycles@Fixed)[0m
[0;32mI (410) octal_psram: DriveStrength: 0x00 (1/1)[0m
[0;32mI (416) MSPI Timing: PSRAM timing tuning index: 5[0m
[0;32mI (421) esp_psram: Found 8MB PSRAM device[0m
[0;32mI (425) esp_psram: Speed: 80MHz[0m
[0;32mI (429) cpu_start: Multicore app[0m
[0;32mI (846) esp_psram: SPI SRAM memory test OK[0m
[0;32mI (855) cpu_start: Pro cpu start user code[0m
[0;32mI (855) cpu_start: cpu freq: 240000000 Hz[0m
[0;32mI (855) app_init: Application information:[0m
[0;32mI (858) app_init: Project name:     v4_s3_bench[0m
[0;32mI (863) app_init: App version:      v4-board-189-flashcfg-27-gcd59e[0m
[0;32mI (870) app_init: Compile time:     Oct  7 2026 23:17:49[0m
[0;32mI (876) app_init: ELF file SHA256:  f2a701d79...[0m
[0;32mI (882) app_init: ESP-IDF:          v5.3.5-1074-g045dd779fd3[0m
[0;32mI (888) efuse_init: Min chip rev:     v0.0[0m
[0;32mI (893) efuse_init: Max chip rev:     v0.99 [0m
[0;32mI (898) efuse_init: Chip rev:         v0.1[0m
[0;32mI (902) heap_init: Initializing. RAM available for dynamic allocation:[0m
[0;32mI (910) heap_init: At 3FC963F8 len 00053318 (332 KiB): RAM[0m
[0;32mI (916) heap_init: At 3FCE9710 len 00005724 (21 KiB): RAM[0m
[0;32mI (922) heap_init: At 3FCF0000 len 00008000 (32 KiB): DRAM[0m
[0;32mI (928) heap_init: At 600FE000 len 00001FE8 (7 KiB): RTCRAM[0m
[0;32mI (934) esp_psram: Adding pool of 8192K of PSRAM memory to heap allocator[0m
[0;32mI (942) spi_flash: detected chip: gd[0m
[0;32mI (946) spi_flash: flash io: dio[0m
[0;32mI (950) sleep: Configure to isolate all GPIO pins in sleep state[0m
[0;32mI (957) sleep: Enable automatic switching of GPIO sleep configuration[0m
[0;32mI (964) main_task: Started on CPU0[0m
[0;32mI (968) esp_psram: Reserving pool of 32K of internal memory for DMA/internal allocations[0m
[0;32mI (976) main_task: Calling app_main()[0m
[0;32mI (1079) v4_s3_bench: net.bin copied to PSRAM[0m
[0;32mI (1080) v4_s3_bench: network: 34 layers, output 128 values, 1063896 bytes of net.bin[0m
[0;32mI (10908) v4_s3_bench: run 0: 9826.540 ms, output identical to the FPGA[0m
CSV,0,9826540,1
[0;32mI (20735) v4_s3_bench: run 1: 9826.383 ms, output identical to the FPGA[0m
CSV,1,9826383,1
[0;32mI (30562) v4_s3_bench: run 2: 9826.385 ms, output identical to the FPGA[0m
CSV,2,9826385,1
[0;32mI (40389) v4_s3_bench: run 3: 9826.382 ms, output identical to the FPGA[0m
CSV,3,9826382,1
[0;32mI (50216) v4_s3_bench: run 4: 9826.384 ms, output identical to the FPGA[0m
CSV,4,9826384,1
[0;32mI (60043) v4_s3_bench: run 5: 9826.384 ms, output identical to the FPGA[0m
CSV,5,9826384,1
[0;32mI (69870) v4_s3_bench: run 6: 9826.369 ms, output identical to the FPGA[0m
CSV,6,9826369,1
[0;32mI (79697) v4_s3_bench: run 7: 9826.382 ms, output identical to the FPGA[0m
CSV,7,9826382,1
[0;32mI (89523) v4_s3_bench: run 8: 9826.381 ms, output identical to the FPGA[0m
CSV,8,9826381,1
[0;32mI (99350) v4_s3_bench: run 9: 9826.379 ms, output identical to the FPGA[0m
CSV,9,9826379,1
[0;32mI (99351) v4_s3_bench: RESULT: best 9826.369 ms, mean 9826.397 ms over 10 runs, 10/10 bit-exact, peak activations 802816 bytes[0m
