[0;32mI (102) esp_image: segment 0: paddr=00010020 vaddr=3c0e00ESP-ROM:esp32s3-20210327
Build:Mar 27 2021
rst:0x15 (USB_UART_CHIP_RESET),boot:0xc (SPI_FAST_FLASH_BOOT)
Saved PC:0x403cd894
SPIWP:0xee
mode:DIO, clock div:1
load:0x3fce2820,len:0x19b4
load:0x403c8700,len:0x4
load:0x403c8704,len:0xe8c
load:0x403cb700,len:0x3144
entry 0x403c8940
[0;32mI (26) boot: ESP-IDF v5.3.5-1074-g045dd779fd3 2nd stage bootloader[0m
[0;32mI (27) boot: compile time Oct  8 2026 10:18:30[0m
[0;32mI (27) boot: Multicore bootloader[0m
[0;32mI (31) boot: chip revision: v0.1[0m
[0;32mI (35) boot: efuse block revision: v1.2[0m
[0;32mI (40) qio_mode: Enabling default flash chip QIO[0m
[0;32mI (45) boot.esp32s3: Boot SPI Speed : 80MHz[0m
[0;32mI (50) boot.esp32s3: SPI Mode       : QIO[0m
[0;32mI (54) boot.esp32s3: SPI Flash Size : 16MB[0m
[0;32mI (59) boot: Enabling RNG early entropy source...[0m
[0;32mI (65) boot: Partition Table:[0m
[0;32mI (68) boot: ## Label            Usage          Type ST Offset   Length[0m
[0;32mI (75) boot:  0 nvs              WiFi data        01 02 00009000 00006000[0m
[0;32mI (83) boot:  1 phy_init         RF data          01 01 0000f000 00001000[0m
[0;32mI (90) boot:  2 factory          factory app      00 00 00010000 00f00000[0m
[0;32mI (98) boot: End of partition table[0m
[0;32mI (102) esp_image: segment 0: paddr=00010020 vaddr=3c0e0020 size=59f248h (5894728) map[0m
[0;32mI (1022) esp_image: segment 1: paddr=005af270 vaddr=3fc99a00 size=00da8h (  3496) load[0m
[0;32mI (1023) esp_image: segment 2: paddr=005b0020 vaddr=42000020 size=dd010h (905232) map[0m
[0;32mI (1168) esp_image: segment 3: paddr=0068d038 vaddr=3fc9a7a8 size=02820h ( 10272) load[0m
[0;32mI (1170) esp_image: segment 4: paddr=0068f860 vaddr=40378000 size=119d8h ( 72152) load[0m
[0;32mI (1195) boot: Loaded app from partition at offset 0x10000[0m
[0;32mI (1195) boot: Disabling RNG early entropy source...[0m
[0;32mI (1207) octal_psram: vendor id    : 0x0d (AP)[0m
[0;32mI (1207) octal_psram: dev id       : 0x02 (generation 3)[0m
[0;32mI (1208) octal_psram: density      : 0x03 (64 Mbit)[0m
[0;32mI (1212) octal_psram: good-die     : 0x01 (Pass)[0m
[0;32mI (1218) octal_psram: Latency      : 0x01 (Fixed)[0m
[0;32mI (1223) octal_psram: VCC          : 0x01 (3V)[0m
[0;32mI (1228) octal_psram: SRF          : 0x01 (Fast Refresh)[0m
[0;32mI (1234) octal_psram: BurstType    : 0x01 (Hybrid Wrap)[0m
[0;32mI (1240) octal_psram: BurstLen     : 0x01 (32 Byte)[0m
[0;32mI (1246) octal_psram: Readlatency  : 0x02 (10 cycles@Fixed)[0m
[0;32mI (1252) octal_psram: DriveStrength: 0x00 (1/1)[0m
[0;32mI (1258) MSPI Timing: PSRAM timing tuning index: 5[0m
[0;32mI (1263) esp_psram: Found 8MB PSRAM device[0m
[0;32mI (1267) esp_psram: Speed: 80MHz[0m
[0;32mI (1271) cpu_start: Multicore app[0m
[0;32mI (1561) esp_psram: SPI SRAM memory test OK[0m
[0;32mI (1569) cpu_start: Pro cpu start user code[0m
[0;32mI (1569) cpu_start: cpu freq: 240000000 Hz[0m
[0;32mI (1570) app_init: Application information:[0m
[0;32mI (1573) app_init: Project name:     v4_espdl_bench[0m
[0;32mI (1578) app_init: App version:      bench-cpu-2026-10-08-2-gb569fda[0m
[0;32mI (1585) app_init: Compile time:     Oct  8 2026 10:28:36[0m
[0;32mI (1591) app_init: ELF file SHA256:  2d2e4e6e2...[0m
[0;32mI (1597) app_init: ESP-IDF:          v5.3.5-1074-g045dd779fd3[0m
[0;32mI (1603) efuse_init: Min chip rev:     v0.0[0m
[0;32mI (1608) efuse_init: Max chip rev:     v0.99 [0m
[0;32mI (1613) efuse_init: Chip rev:         v0.1[0m
[0;32mI (1618) heap_init: Initializing. RAM available for dynamic allocation:[0m
[0;32mI (1625) heap_init: At 3FC9EED8 len 0004A838 (298 KiB): RAM[0m
[0;32mI (1631) heap_init: At 3FCE9710 len 00005724 (21 KiB): RAM[0m
[0;32mI (1638) heap_init: At 600FE000 len 00001FE8 (7 KiB): RTCRAM[0m
[0;32mI (1644) esp_psram: Adding pool of 8192K of PSRAM memory to heap allocator[0m
[0;32mI (1652) spi_flash: detected chip: gd[0m
[0;32mI (1656) spi_flash: flash io: qio[0m
[0;32mI (1660) sleep: Configure to isolate all GPIO pins in sleep state[0m
[0;32mI (1667) sleep: Enable automatic switching of GPIO sleep configuration[0m
[0;32mI (1674) main_task: Started on CPU0[0m
[0;32mI (1678) esp_psram: Reserving pool of 32K of internal memory for DMA/internal allocations[0m
[0;32mI (1687) main_task: Calling app_main()[0m
[0;32mI (1691) v4_espdl: chip esp32s3, CPU 240 MHz, free heap 8691379 (internal 305659, PSRAM 8385720)[0m
[0;32mI (1927) v4_espdl: model loaded in 226.6 ms, free heap 5372179 (internal 294699, PSRAM 5077480)[0m
[0;32mI (1928) dl::Model: Test max_error = 0.0005 (default)[0m
[0;32mI (10123) dl::Model: Testing output output.[0m
[0;32mI (10123) dl::Model: Test Pass![0m
[0;32mI (1928) v4_espdl: model->test() (ESP-DL vs ESP-PPQ test values): PASS[0m
[0;32mI (10167) v4_espdl: input 128x128x3, exponent -7 (v4: -6)[0m
CSV,0,8183443,0
CSV,1,8183269,0
CSV,2,8183247,0
CSV,3,8183260,0
CSV,4,8183238,0
CSV,5,8183234,0
CSV,6,8183245,0
CSV,7,8183259,0
CSV,8,8183282,0
CSV,9,8183241,0
[0;32mI (92007) v4_espdl: RESULT CSV: best 8183.234 ms, mean 8183.272 ms over 10 runs[0m
CSV2,0,4573883,0
CSV2,1,4573595,0
CSV2,2,4573500,0
CSV2,3,4573628,0
CSV2,4,4573590,0
CSV2,5,4573661,0
CSV2,6,4573556,0
CSV2,7,4573569,0
CSV2,8,4573515,0
CSV2,9,4573676,0
[0;32mI (137750) v4_espdl: RESULT CSV2: best 4573.500 ms, mean 4573.617 ms over 10 runs[0m
OUT,int8,-1,-1,-1,0,5,-2,-1,-5,-2,2,2,3,1,-1,0,1,3,1,0,-2,-1,-1,0,-2,4,4,0,1,-2,0,-2,2,-1,1,1,-3,0,-34,3,4,0,-3,-3,0,2,-10,-1,0,1,0,0,0,0,0,-1,0,2,1,-2,0,1,3,0,5,-1,1,-3,1,-2,-2,-4,1,-2,-1,-3,1,2,1,-3,0,-1,1,0,-1,3,-2,0,-1,1,0,-1,-2,-2,0,2,-1,4,-3,-1,0,0
[0;32mI (137771) v4_espdl: RESULT: done[0m
