ESP-ROM:esp32s3-20210327
Build:Mar 27 2021
rst:0x15 (USB_UART_CHIP_RESET),boot:0xc (SPI_FAST_FLASH_BOOT)
Saved PC:0x40045107
SPIWP:0xee
mode:DIO, clock div:1
load:0x3fce2820,len:0x19b4
load:0x403c8700,len:0x4
load:0x403c8704,len:0xe8c
load:0x403cb700,len:0x3144
entry 0x403c8940
[0;32mI (26) boot: ESP-IDF v5.3.5-1074-g045dd779fd3 2nd stage bootloader[0m
[0;32mI (27) boot: compile time Oct  8 2026 10:18:30[0m
[0;32mI (27) boot: Multicore bootloader[0m
[0;32mI (31) boot: chip revision: v0.1[0m
[0;32mI (35) boot: efuse block revision: v1.2[0m
[0;32mI (40) qio_mode: Enabling default flash chip QIO[0m
[0;32mI (45) boot.esp32s3: Boot SPI Speed : 80MHz[0m
[0;32mI (50) boot.esp32s3: SPI Mode       : QIO[0m
[0;32mI (54) boot.esp32s3: SPI Flash Size : 16MB[0m
[0;32mI (59) boot: Enabling RNG early entropy source...[0m
[0;32mI (65) boot: Partition Table:[0m
[0;32mI (68) boot: ## Label            Usage          Type ST Offset   Length[0m
[0;32mI (75) boot:  0 nvs              WiFi data        01 02 00009000 00006000[0m
[0;32mI (83) boot:  1 phy_init         RF data          01 01 0000f000 00001000[0m
[0;32mI (90) boot:  2 factory          factory app      00 00 00010000 00f00000[0m
[0;32mI (98) boot: End of partition table[0m
[0;32mI (102) esp_image: segment 0: paddr=00010020 vaddr=3c0e0020 size=22ea68h (2288232) map[0m
[0;32mI (464) esp_image: segment 1: paddr=0023ea90 vaddr=3fc99a00 size=01588h (  5512) load[0m
[0;32mI (466) esp_image: segment 2: paddr=00240020 vaddr=42000020 size=dd010h (905232) map[0m
[0;32mI (610) esp_image: segment 3: paddr=0031d038 vaddr=3fc9af88 size=02040h (  8256) load[0m
[0;32mI (612) esp_image: segment 4: paddr=0031f080 vaddr=40378000 size=119d8h ( 72152) load[0m
[0;32mI (637) boot: Loaded app from partition at offset 0x10000[0m
[0;32mI (637) boot: Disabling RNG early entropy source...[0m
[0;32mI (649) octal_psram: vendor id    : 0x0d (AP)[0m
[0;32mI (649) octal_psram: dev id       : 0x02 (generation 3)[0m
[0;32mI (650) octal_psram: density      : 0x03 (64 Mbit)[0m
[0;32mI (654) octal_psram: good-die     : 0x01 (Pass)[0m
[0;32mI (659) octal_psram: Latency      : 0x01 (Fixed)[0m
[0;32mI (665) octal_psram: VCC          : 0x01 (3V)[0m
[0;32mI (670) octal_psram: SRF          : 0x01 (Fast Refresh)[0m
[0;32mI (676) octal_psram: BurstType    : 0x01 (Hybrid Wrap)[0m
[0;32mI (681) octal_psram: BurstLen     : 0x01 (32 Byte)[0m
[0;32mI (687) octal_psram: Readlatency  : 0x02 (10 cycles@Fixed)[0m
[0;32mI (693) octal_psram: DriveStrength: 0x00 (1/1)[0m
[0;32mI (699) MSPI Timing: PSRAM timing tuning index: 5[0m
[0;32mI (704) esp_psram: Found 8MB PSRAM device[0m
[0;32mI (708) esp_psram: Speed: 80MHz[0m
[0;32mI (712) cpu_start: Multicore app[0m
[0;32mI (1001) esp_psram: SPI SRAM memory test OK[0m
[0;32mI (1010) cpu_start: Pro cpu start user code[0m
[0;32mI (1010) cpu_start: cpu freq: 240000000 Hz[0m
[0;32mI (1010) app_init: Application information:[0m
[0;32mI (1013) app_init: Project name:     v4_espdl_bench[0m
[0;32mI (1019) app_init: App version:      bench-cpu-2026-10-08-2-gb569fda[0m
[0;32mI (1026) app_init: Compile time:     Oct  8 2026 10:28:36[0m
[0;32mI (1032) app_init: ELF file SHA256:  2283d0560...[0m
[0;32mI (1037) app_init: ESP-IDF:          v5.3.5-1074-g045dd779fd3[0m
[0;32mI (1044) efuse_init: Min chip rev:     v0.0[0m
[0;32mI (1049) efuse_init: Max chip rev:     v0.99 [0m
[0;32mI (1054) efuse_init: Chip rev:         v0.1[0m
[0;32mI (1059) heap_init: Initializing. RAM available for dynamic allocation:[0m
[0;32mI (1066) heap_init: At 3FC9EED8 len 0004A838 (298 KiB): RAM[0m
[0;32mI (1072) heap_init: At 3FCE9710 len 00005724 (21 KiB): RAM[0m
[0;32mI (1078) heap_init: At 600FE000 len 00001FE8 (7 KiB): RTCRAM[0m
[0;32mI (1085) esp_psram: Adding pool of 8192K of PSRAM memory to heap allocator[0m
[0;32mI (1093) spi_flash: detected chip: gd[0m
[0;32mI (1096) spi_flash: flash io: qio[0m
[0;32mI (1101) sleep: Configure to isolate all GPIO pins in sleep state[0m
[0;32mI (1107) sleep: Enable automatic switching of GPIO sleep configuration[0m
[0;32mI (1115) main_task: Started on CPU0[0m
[0;32mI (1119) esp_psram: Reserving pool of 32K of internal memory for DMA/internal allocations[0m
[0;32mI (1128) main_task: Calling app_main()[0m
[0;32mI (1132) v4_espdl: chip esp32s3, CPU 240 MHz, free heap 8691379 (internal 305659, PSRAM 8385720)[0m
[0;32mI (1279) v4_espdl: model loaded in 137.3 ms, free heap 6756015 (internal 268527, PSRAM 6487488)[0m
[0;32mI (1280) dl::Model: Test max_error = 0.0005 (default)[0m
[0;32mI (1546) dl::Model: Testing output output.[0m
[0;32mI (1548) dl::Model: Test Pass![0m
[0;32mI (1280) v4_espdl: model->test() (ESP-DL vs ESP-PPQ test values): PASS[0m
[0;32mI (1581) v4_espdl: input 112x112x3, exponent -7 (v4: -6)[0m
CSV,0,249781,0
CSV,1,249652,0
CSV,2,249660,0
CSV,3,249655,0
CSV,4,249667,0
CSV,5,249646,0
CSV,6,249675,0
CSV,7,249658,0
CSV,8,249678,0
CSV,9,249641,0
[0;32mI (4083) v4_espdl: RESULT CSV: best 249.641 ms, mean 249.671 ms over 10 runs[0m
CSV2,0,216041,0
CSV2,1,215940,0
CSV2,2,216389,0
CSV2,3,215951,0
CSV2,4,216016,0
CSV2,5,215943,0
CSV2,6,216031,0
CSV2,7,215938,0
CSV2,8,215844,0
CSV2,9,215897,0
[0;32mI (6249) v4_espdl: RESULT CSV2: best 215.844 ms, mean 215.999 ms over 10 runs[0m
OUT,int8,-1,3,-2,-2,-1,-1,0,0,-1,-1,-1,0,3,-3,2,1,3,-2,-2,-1,2,0,1,-1,0,-1,2,8,-10,0,-2,1,2,-2,3,-2,0,0,0,1,7,-5,-1,24,-3,11,1,4,1,0,3,2,-2,0,0,-3,0,-1,-3,0,2,1,0,1,-5,-1,-4,1,-1,0,-1,0,1,-2,-2,2,1,-2,-2,2,0,-1,0,2,-1,3,2,-1,1,2,-1,-1,-1,4,-2,1,-1,1,-1,0,0,3,-1,-1,-2,3,-1,0,1,2,3,-1,-2,0,1,0,-5,-2,3,-1,-4,-2,4,1,-1,-2,-4,0,0
[0;32mI (6276) v4_espdl: RESULT: done[0m
