[ESP-ROM:esp32s3-20210327
Build:Mar 27 2021
rst:0x15 (USB_UART_CHIP_RESET),boot:0xb (SPI_FAST_FLASH_BOOT)
Saved PC:0x40048839
SPIWP:0xee
mode:DIO, clock div:1
load:0x3fce2810,len:0x1828
load:0x403c8700,len:0x4
load:0x403c8704,len:0xce8
load:0x403cb700,len:0x2eb8
entry 0x403c8918
[0;32mI (26) boot: ESP-IDF v5.3.5-1074-g045dd779fd3 2nd stage bootloader[0m
[0;32mI (27) boot: compile time Oct  8 2026 00:54:49[0m
[0;32mI (27) boot: Multicore bootloader[0m
[0;32mI (31) boot: chip revision: v0.1[0m
[0;32mI (35) boot: efuse block revision: v1.2[0m
[0;32mI (40) boot.esp32s3: Boot SPI Speed : 80MHz[0m
[0;32mI (44) boot.esp32s3: SPI Mode       : DIO[0m
[0;32mI (49) boot.esp32s3: SPI Flash Size : 16MB[0m
[0;32mI (54) boot: Enabling RNG early entropy source...[0m
[0;32mI (59) boot: Partition Table:[0m
[0;32mI (63) boot: ## Label            Usage          Type ST Offset   Length[0m
[0;32mI (70) boot:  0 nvs              WiFi data        01 02 00009000 00006000[0m
[0;32mI (78) boot:  1 phy_init         RF data          01 01 0000f000 00001000[0m
[0;32mI (85) boot:  2 factory          factory app      00 00 00010000 00600000[0m
[0;32mI (93) boot: End of partition table[0m
[0;32mI (97) esp_image: segment 0: paddr=00010020 vaddr=3c020020 size=12130h ( 74032) map[0m
[0;32mI (119) esp_image: segment 1: paddr=00022158 vaddr=3fc92800 size=032a4h ( 12964) load[0m
[0;32mI (122) esp_image: segment 2: paddr=00025404 vaddr=40374000 size=0ac14h ( 44052) load[0m
[0;32mI (135) esp_image: segment 3: paddr=00030020 vaddr=42000020 size=15d54h ( 89428) map[0m
[0;32mI (151) esp_image: segment 4: paddr=00045d7c vaddr=4037ec14 size=03b18h ( 15128) load[0m
[0;32mI (161) boot: Loaded app from partition at offset 0x10000[0m
[0;32mI (161) boot: Disabling RNG early entropy source...[0m
[0;32mI (173) octal_psram: vendor id    : 0x0d (AP)[0m
[0;32mI (173) octal_psram: dev id       : 0x02 (generation 3)[0m
[0;32mI (174) octal_psram: density      : 0x03 (64 Mbit)[0m
[0;32mI (178) octal_psram: good-die     : 0x01 (Pass)[0m
[0;32mI (183) octal_psram: Latency      : 0x01 (Fixed)[0m
[0;32mI (189) octal_psram: VCC          : 0x01 (3V)[0m
[0;32mI (194) octal_psram: SRF          : 0x01 (Fast Refresh)[0m
[0;32mI (200) octal_psram: BurstType    : 0x01 (Hybrid Wrap)[0m
[0;32mI (206) octal_psram: BurstLen     : 0x01 (32 Byte)[0m
[0;32mI (211) octal_psram: Readlatency  : 0x02 (10 cycles@Fixed)[0m
[0;32mI (217) octal_psram: DriveStrength: 0x00 (1/1)[0m
[0;32mI (223) MSPI Timing: PSRAM timing tuning index: 10[0m
[0;32mI (228) esp_psram: Found 8MB PSRAM device[0m
[0;32mI (232) esp_psram: Speed: 80MHz[0m
[0;32mI (236) cpu_start: Multicore app[0m
[0;32mI (647) esp_psram: SPI SRAM memory test OK[0m
[0;32mI (656) cpu_start: Pro cpu start user code[0m
[0;32mI (656) cpu_start: cpu freq: 240000000 Hz[0m
[0;32mI (657) app_init: Application information:[0m
[0;32mI (659) app_init: Project name:     v4_s3_bench[0m
[0;32mI (665) app_init: App version:      v4-board-189-flashcfg-30-g1814f[0m
[0;32mI (672) app_init: Compile time:     Oct  8 2026 00:54:43[0m
[0;32mI (678) app_init: ELF file SHA256:  6f189d211...[0m
[0;32mI (683) app_init: ESP-IDF:          v5.3.5-1074-g045dd779fd3[0m
[0;32mI (689) efuse_init: Min chip rev:     v0.0[0m
[0;32mI (694) efuse_init: Max chip rev:     v0.99 [0m
[0;32mI (699) efuse_init: Chip rev:         v0.1[0m
[0;32mI (704) heap_init: Initializing. RAM available for dynamic allocation:[0m
[0;32mI (711) heap_init: At 3FC963F8 len 00053318 (332 KiB): RAM[0m
[0;32mI (717) heap_init: At 3FCE9710 len 00005724 (21 KiB): RAM[0m
[0;32mI (723) heap_init: At 3FCF0000 len 00008000 (32 KiB): DRAM[0m
[0;32mI (729) heap_init: At 600FE000 len 00001FE8 (7 KiB): RTCRAM[0m
[0;32mI (736) esp_psram: Adding pool of 8192K of PSRAM memory to heap allocator[0m
[0;32mI (744) spi_flash: detected chip: gd[0m
[0;32mI (747) spi_flash: flash io: dio[0m
[0;32mI (751) sleep: Configure to isolate all GPIO pins in sleep state[0m
[0;32mI (758) sleep: Enable automatic switching of GPIO sleep configuration[0m
[0;32mI (765) main_task: Started on CPU0[0m
[0;32mI (769) esp_psram: Reserving pool of 32K of internal memory for DMA/internal allocations[0m
[0;32mI (777) main_task: Calling app_main()[0m
[0;32mI (785) v4_s3_bench: net.bin copied to PSRAM[0m
[0;32mI (787) v4_s3_bench: chip esp32s3, CPU 240 MHz, free heap 8725267 (internal 371999, PSRAM 8353268)[0m
[0;32mI (797) v4_s3_bench: network: 5 layers, output 10 values, 32448 bytes of net.bin[0m
[0;32mI (914) v4_s3_bench: run 0: 109.236 ms, output identical to the FPGA[0m
CSV,0,109236,1
[0;32mI (1023) v4_s3_bench: run 1: 108.818 ms, output identical to the FPGA[0m
CSV,1,108818,1
[0;32mI (1133) v4_s3_bench: run 2: 108.797 ms, output identical to the FPGA[0m
CSV,2,108797,1
[0;32mI (1242) v4_s3_bench: run 3: 108.794 ms, output identical to the FPGA[0m
CSV,3,108794,1
[0;32mI (1351) v4_s3_bench: run 4: 108.796 ms, output identical to the FPGA[0m
CSV,4,108796,1
[0;32mI (1460) v4_s3_bench: run 5: 108.798 ms, output identical to the FPGA[0m
CSV,5,108798,1
[0;32mI (1569) v4_s3_bench: run 6: 108.789 ms, output identical to the FPGA[0m
CSV,6,108789,1
[0;32mI (1679) v4_s3_bench: run 7: 108.799 ms, output identical to the FPGA[0m
CSV,7,108799,1
[0;32mI (1788) v4_s3_bench: run 8: 108.801 ms, output identical to the FPGA[0m
CSV,8,108801,1
[0;32mI (1897) v4_s3_bench: run 9: 108.794 ms, output identical to the FPGA[0m
CSV,9,108794,1
[0;32mI (1897) v4_s3_bench: RESULT: best 108.789 ms, mean 108.842 ms over 10 runs, 10/10 bit-exact, peak activations 28672 bytes[0m
