[0;32mI (97) esp_image: segment 0: paddr=00010020 vaddr=3c02002ESP-ROM:esp32s3-20210327
Build:Mar 27 2021
rst:0x15 (USB_UART_CHIP_RESET),boot:0xb (SPI_FAST_FLASH_BOOT)
Saved PC:0x403cd742
SPIWP:0xee
mode:DIO, clock div:1
load:0x3fce2810,len:0x1828
load:0x403c8700,len:0x4
load:0x403c8704,len:0xce8
load:0x403cb700,len:0x2eb8
entry 0x403c8918
[0;32mI (26) boot: ESP-IDF v5.3.5-1074-g045dd779fd3 2nd stage bootloader[0m
[0;32mI (27) boot: compile time Oct  8 2026 00:54:49[0m
[0;32mI (27) boot: Multicore bootloader[0m
[0;32mI (31) boot: chip revision: v0.1[0m
[0;32mI (35) boot: efuse block revision: v1.2[0m
[0;32mI (40) boot.esp32s3: Boot SPI Speed : 80MHz[0m
[0;32mI (44) boot.esp32s3: SPI Mode       : DIO[0m
[0;32mI (49) boot.esp32s3: SPI Flash Size : 16MB[0m
[0;32mI (54) boot: Enabling RNG early entropy source...[0m
[0;32mI (59) boot: Partition Table:[0m
[0;32mI (63) boot: ## Label            Usage          Type ST Offset   Length[0m
[0;32mI (70) boot:  0 nvs              WiFi data        01 02 00009000 00006000[0m
[0;32mI (78) boot:  1 phy_init         RF data          01 01 0000f000 00001000[0m
[0;32mI (85) boot:  2 factory          factory app      00 00 00010000 00600000[0m
[0;32mI (93) boot: End of partition table[0m
[0;32mI (97) esp_image: segment 0: paddr=00010020 vaddr=3c020020 size=2cd870h (2938992) map[0m
[0;32mI (641) esp_image: segment 1: paddr=002dd898 vaddr=3fc92800 size=02780h ( 10112) load[0m
[0;32mI (644) esp_image: segment 2: paddr=002e0020 vaddr=42000020 size=15d54h ( 89428) map[0m
[0;32mI (664) esp_image: segment 3: paddr=002f5d7c vaddr=3fc94f80 size=00b24h (  2852) load[0m
[0;32mI (665) esp_image: segment 4: paddr=002f68a8 vaddr=40374000 size=0e72ch ( 59180) load[0m
[0;32mI (688) boot: Loaded app from partition at offset 0x10000[0m
[0;32mI (689) boot: Disabling RNG early entropy source...[0m
[0;32mI (701) octal_psram: vendor id    : 0x0d (AP)[0m
[0;32mI (701) octal_psram: dev id       : 0x02 (generation 3)[0m
[0;32mI (701) octal_psram: density      : 0x03 (64 Mbit)[0m
[0;32mI (706) octal_psram: good-die     : 0x01 (Pass)[0m
[0;32mI (711) octal_psram: Latency      : 0x01 (Fixed)[0m
[0;32mI (716) octal_psram: VCC          : 0x01 (3V)[0m
[0;32mI (721) octal_psram: SRF          : 0x01 (Fast Refresh)[0m
[0;32mI (727) octal_psram: BurstType    : 0x01 (Hybrid Wrap)[0m
[0;32mI (733) octal_psram: BurstLen     : 0x01 (32 Byte)[0m
[0;32mI (738) octal_psram: Readlatency  : 0x02 (10 cycles@Fixed)[0m
[0;32mI (745) octal_psram: DriveStrength: 0x00 (1/1)[0m
[0;32mI (750) MSPI Timing: PSRAM timing tuning index: 4[0m
[0;32mI (755) esp_psram: Found 8MB PSRAM device[0m
[0;32mI (760) esp_psram: Speed: 80MHz[0m
[0;32mI (764) cpu_start: Multicore app[0m
[0;32mI (1174) esp_psram: SPI SRAM memory test OK[0m
[0;32mI (1184) cpu_start: Pro cpu start user code[0m
[0;32mI (1184) cpu_start: cpu freq: 240000000 Hz[0m
[0;32mI (1184) app_init: Application information:[0m
[0;32mI (1187) app_init: Project name:     v4_s3_bench[0m
[0;32mI (1192) app_init: App version:      v4-board-189-flashcfg-30-g1814f[0m
[0;32mI (1199) app_init: Compile time:     Oct  8 2026 00:54:43[0m
[0;32mI (1205) app_init: ELF file SHA256:  1c10367d6...[0m
[0;32mI (1211) app_init: ESP-IDF:          v5.3.5-1074-g045dd779fd3[0m
[0;32mI (1217) efuse_init: Min chip rev:     v0.0[0m
[0;32mI (1222) efuse_init: Max chip rev:     v0.99 [0m
[0;32mI (1227) efuse_init: Chip rev:         v0.1[0m
[0;32mI (1232) heap_init: Initializing. RAM available for dynamic allocation:[0m
[0;32mI (1239) heap_init: At 3FC963F8 len 00053318 (332 KiB): RAM[0m
[0;32mI (1246) heap_init: At 3FCE9710 len 00005724 (21 KiB): RAM[0m
[0;32mI (1252) heap_init: At 3FCF0000 len 00008000 (32 KiB): DRAM[0m
[0;32mI (1258) heap_init: At 600FE000 len 00001FE8 (7 KiB): RTCRAM[0m
[0;32mI (1264) esp_psram: Adding pool of 8192K of PSRAM memory to heap allocator[0m
[0;32mI (1273) spi_flash: detected chip: gd[0m
[0;32mI (1276) spi_flash: flash io: dio[0m
[0;32mI (1280) sleep: Configure to isolate all GPIO pins in sleep state[0m
[0;32mI (1287) sleep: Enable automatic switching of GPIO sleep configuration[0m
[0;32mI (1295) main_task: Started on CPU0[0m
[0;32mI (1299) esp_psram: Reserving pool of 32K of internal memory for DMA/internal allocations[0m
[0;32mI (1308) main_task: Calling app_main()[0m
[0;32mI (1579) v4_s3_bench: net.bin copied to PSRAM[0m
[0;32mI (1580) v4_s3_bench: chip esp32s3, CPU 240 MHz, free heap 5848611 (internal 360299, PSRAM 5488312)[0m
[0;32mI (1583) v4_s3_bench: network: 15 layers, output 100 values, 2897404 bytes of net.bin[0m
[0;32mI (39682) v4_s3_bench: run 0: 38090.274 ms, output identical to the FPGA[0m
CSV,0,38090274,1
[0;32mI (77783) v4_s3_bench: run 1: 38099.942 ms, output identical to the FPGA[0m
CSV,1,38099942,1
[0;32mI (115883) v4_s3_bench: run 2: 38099.938 ms, output identical to the FPGA[0m
CSV,2,38099938,1
[0;32mI (153983) v4_s3_bench: run 3: 38099.901 ms, output identical to the FPGA[0m
CSV,3,38099901,1
[0;32mI (192084) v4_s3_bench: run 4: 38099.919 ms, output identical to the FPGA[0m
CSV,4,38099919,1
[0;32mI (230184) v4_s3_bench: run 5: 38099.927 ms, output identical to the FPGA[0m
CSV,5,38099927,1
[0;32mI (268285) v4_s3_bench: run 6: 38099.943 ms, output identical to the FPGA[0m
CSV,6,38099943,1
[0;32mI (306386) v4_s3_bench: run 7: 38100.643 ms, output identical to the FPGA[0m
CSV,7,38100643,1
[0;32mI (344487) v4_s3_bench: run 8: 38100.664 ms, output identical to the FPGA[0m
CSV,8,38100664,1
[0;32mI (382588) v4_s3_bench: run 9: 38100.650 ms, output identical to the FPGA[0m
CSV,9,38100650,1
[0;32mI (382588) v4_s3_bench: RESULT: best 38090.274 ms, mean 38099.180 ms over 10 runs, 10/10 bit-exact, peak activations 458752 bytes[0m
