ESP-ROM:esp32s3-20210327
Build:Mar 27 2021
rst:0x15 (USB_UART_CHIP_RESET),boot:0xb (SPI_FAST_FLASH_BOOT)
Saved PC:0x403cd765
SPIWP:0xee
mode:DIO, clock div:1
load:0x3fce2810,len:0x1828
load:0x403c8700,len:0x4
load:0x403c8704,len:0xce8
load:0x403cb700,len:0x2eb8
entry 0x403c8918
[0;32mI (26) boot: ESP-IDF v5.3.5-1074-g045dd779fd3 2nd stage bootloader[0m
[0;32mI (27) boot: compile time Oct  8 2026 00:54:49[0m
[0;32mI (27) boot: Multicore bootloader[0m
[0;32mI (31) boot: chip revision: v0.1[0m
[0;32mI (35) boot: efuse block revision: v1.2[0m
[0;32mI (40) boot.esp32s3: Boot SPI Speed : 80MHz[0m
[0;32mI (44) boot.esp32s3: SPI Mode       : DIO[0m
[0;32mI (49) boot.esp32s3: SPI Flash Size : 16MB[0m
[0;32mI (54) boot: Enabling RNG early entropy source...[0m
[0;32mI (59) boot: Partition Table:[0m
[0;32mI (63) boot: ## Label            Usage          Type ST Offset   Length[0m
[0;32mI (70) boot:  0 nvs              WiFi data        01 02 00009000 00006000[0m
[0;32mI (78) boot:  1 phy_init         RF data          01 01 0000f000 00001000[0m
[0;32mI (85) boot:  2 factory          factory app      00 00 00010000 00600000[0m
[0;32mI (93) boot: End of partition table[0m
[0;32mI (97) esp_image: segment 0: paddr=00010020 vaddr=3c020020 size=10de40h (1105472) map[0m
[0;32mI (307) esp_image: segment 1: paddr=0011de68 vaddr=3fc92800 size=021b0h (  8624) load[0m
[0;32mI (309) esp_image: segment 2: paddr=00120020 vaddr=42000020 size=15d54h ( 89428) map[0m
[0;32mI (329) esp_image: segment 3: paddr=00135d7c vaddr=3fc949b0 size=010f4h (  4340) load[0m
[0;32mI (331) esp_image: segment 4: paddr=00136e78 vaddr=40374000 size=0e72ch ( 59180) load[0m
[0;32mI (354) boot: Loaded app from partition at offset 0x10000[0m
[0;32mI (354) boot: Disabling RNG early entropy source...[0m
[0;32mI (366) octal_psram: vendor id    : 0x0d (AP)[0m
[0;32mI (366) octal_psram: dev id       : 0x02 (generation 3)[0m
[0;32mI (367) octal_psram: density      : 0x03 (64 Mbit)[0m
[0;32mI (371) octal_psram: good-die     : 0x01 (Pass)[0m
[0;32mI (377) octal_psram: Latency      : 0x01 (Fixed)[0m
[0;32mI (382) octal_psram: VCC          : 0x01 (3V)[0m
[0;32mI (387) octal_psram: SRF          : 0x01 (Fast Refresh)[0m
[0;32mI (393) octal_psram: BurstType    : 0x01 (Hybrid Wrap)[0m
[0;32mI (399) octal_psram: BurstLen     : 0x01 (32 Byte)[0m
[0;32mI (404) octal_psram: Readlatency  : 0x02 (10 cycles@Fixed)[0m
[0;32mI (410) octal_psram: DriveStrength: 0x00 (1/1)[0m
[0;32mI (416) MSPI Timing: PSRAM timing tuning index: 4[0m
[0;32mI (421) esp_psram: Found 8MB PSRAM device[0m
[0;32mI (425) esp_psram: Speed: 80MHz[0m
[0;32mI (429) cpu_start: Multicore app[0m
[0;32mI (840) esp_psram: SPI SRAM memory test OK[0m
[0;32mI (849) cpu_start: Pro cpu start user code[0m
[0;32mI (849) cpu_start: cpu freq: 240000000 Hz[0m
[0;32mI (850) app_init: Application information:[0m
[0;32mI (852) app_init: Project name:     v4_s3_bench[0m
[0;32mI (858) app_init: App version:      v4-board-189-flashcfg-30-g1814f[0m
[0;32mI (865) app_init: Compile time:     Oct  8 2026 00:54:43[0m
[0;32mI (871) app_init: ELF file SHA256:  7ce1f6766...[0m
[0;32mI (876) app_init: ESP-IDF:          v5.3.5-1074-g045dd779fd3[0m
[0;32mI (882) efuse_init: Min chip rev:     v0.0[0m
[0;32mI (887) efuse_init: Max chip rev:     v0.99 [0m
[0;32mI (892) efuse_init: Chip rev:         v0.1[0m
[0;32mI (897) heap_init: Initializing. RAM available for dynamic allocation:[0m
[0;32mI (904) heap_init: At 3FC963F8 len 00053318 (332 KiB): RAM[0m
[0;32mI (910) heap_init: At 3FCE9710 len 00005724 (21 KiB): RAM[0m
[0;32mI (916) heap_init: At 3FCF0000 len 00008000 (32 KiB): DRAM[0m
[0;32mI (922) heap_init: At 600FE000 len 00001FE8 (7 KiB): RTCRAM[0m
[0;32mI (929) esp_psram: Adding pool of 8192K of PSRAM memory to heap allocator[0m
[0;32mI (937) spi_flash: detected chip: gd[0m
[0;32mI (940) spi_flash: flash io: dio[0m
[0;32mI (944) sleep: Configure to isolate all GPIO pins in sleep state[0m
[0;32mI (951) sleep: Enable automatic switching of GPIO sleep configuration[0m
[0;32mI (958) main_task: Started on CPU0[0m
[0;32mI (962) esp_psram: Reserving pool of 32K of internal memory for DMA/internal allocations[0m
[0;32mI (970) main_task: Calling app_main()[0m
[0;32mI (1073) v4_s3_bench: net.bin copied to PSRAM[0m
[0;32mI (1075) v4_s3_bench: chip esp32s3, CPU 240 MHz, free heap 7652663 (internal 330843, PSRAM 7321820)[0m
[0;32mI (1077) v4_s3_bench: network: 34 layers, output 128 values, 1063896 bytes of net.bin[0m
[0;32mI (10910) v4_s3_bench: run 0: 9824.453 ms, output identical to the FPGA[0m
CSV,0,9824453,1
[0;32mI (20735) v4_s3_bench: run 1: 9824.300 ms, output identical to the FPGA[0m
CSV,1,9824300,1
[0;32mI (30560) v4_s3_bench: run 2: 9824.307 ms, output identical to the FPGA[0m
CSV,2,9824307,1
[0;32mI (40384) v4_s3_bench: run 3: 9824.289 ms, output identical to the FPGA[0m
CSV,3,9824289,1
[0;32mI (50209) v4_s3_bench: run 4: 9824.295 ms, output identical to the FPGA[0m
CSV,4,9824295,1
[0;32mI (60034) v4_s3_bench: run 5: 9824.301 ms, output identical to the FPGA[0m
CSV,5,9824301,1
[0;32mI (69859) v4_s3_bench: run 6: 9824.281 ms, output identical to the FPGA[0m
CSV,6,9824281,1
[0;32mI (79684) v4_s3_bench: run 7: 9824.291 ms, output identical to the FPGA[0m
CSV,7,9824291,1
[0;32mI (89508) v4_s3_bench: run 8: 9824.292 ms, output identical to the FPGA[0m
CSV,8,9824292,1
[0;32mI (99333) v4_s3_bench: run 9: 9824.282 ms, output identical to the FPGA[0m
CSV,9,9824282,1
[0;32mI (99334) v4_s3_bench: RESULT: best 9824.281 ms, mean 9824.309 ms over 10 runs, 10/10 bit-exact, peak activations 802816 bytes[0m
