I ort 1.30.0, model.onnx, input 128x128x3
CSV1,0,57434,0
CSV1,1,57638,0
CSV1,2,57432,0
CSV1,3,57155,0
CSV1,4,57232,0
CSV1,5,57094,0
CSV1,6,57288,0
CSV1,7,57098,0
CSV1,8,57635,0
CSV1,9,57255,0
I RESULT 1 threads: best 57.094 ms, mean 57.326 ms over 10 runs
CSV4,0,16081,0
CSV4,1,16044,0
CSV4,2,16072,0
CSV4,3,16267,0
CSV4,4,15974,0
CSV4,5,16088,0
CSV4,6,16016,0
CSV4,7,15997,0
CSV4,8,16271,0
CSV4,9,16351,0
I RESULT 4 threads: best 15.974 ms, mean 16.116 ms over 10 runs
OUT,float32,0,-1.2331,-0.712673,1.07116,-1.2195,-0.303183,-0.819209,-1.09871,-1.19032,1.25717,-1.54613,0.175821,0.247343,1.35664,0.420042,0.472929,1.30159,0.733046,0.619225,1.05972,-0.976415,0.613644,-0.128354,-1.69125,1.6925,1.01695,-1.46981,-3.05774,-1.30519,0.323254,1.55668,0.550042,-0.110317,1.45396,1.6844,-1.60457,-0.814058,1.31408,1.86581,-0.272452,0.0235883,-0.645718,-0.735809,-0.512188,0.200028,0.169547,-0.268782,0.90489,0.0521301,-0.352356,0.203167,0.431766,1.31363,0.829159,-0.292707,0.671599,0.0350465,1.05698,-0.183755,0.145634,-0.014548,0.563952,-0.319357,1.03228,-0.483583,0.628939,-0.126937,-0.167445,0.157153,-1.16221,-0.438171,-0.735829,-0.657249,0.182558,-1.70598,1.75808,-0.0357898,-1.04923,-0.539436,-0.506782,-1.01536,-0.697655,0.5929,-0.17877,0.844034,-1.08313,-0.556009,-0.461395,1.19183,0.529583,0.122761,0.952507,0.0133053,-0.651113,2.32649,-0.456292,0.92141,0.608918,0.104936,0.473944,-0.293759
