I ort 1.30.0, model.onnx, input 32x32x3
CSV1,0,346,0
CSV1,1,351,0
CSV1,2,318,0
CSV1,3,311,0
CSV1,4,308,0
CSV1,5,307,0
CSV1,6,312,0
CSV1,7,307,0
CSV1,8,307,0
CSV1,9,303,0
I RESULT 1 threads: best 0.303 ms, mean 0.317 ms over 10 runs
CSV4,0,168,0
CSV4,1,119,0
CSV4,2,108,0
CSV4,3,106,0
CSV4,4,105,0
CSV4,5,105,0
CSV4,6,105,0
CSV4,7,105,0
CSV4,8,105,0
CSV4,9,104,0
I RESULT 4 threads: best 0.104 ms, mean 0.113 ms over 10 runs
OUT,float32,0,0.646278,-1.37274,-0.85888,0.536291,-1.10158,-1.0438,-0.177114,0.4389,0.387043,1.43769
