I ort 1.30.0, model.onnx, input 112x112x3
CSV1,0,41566,0
CSV1,1,34438,0
CSV1,2,32847,0
CSV1,3,32903,0
CSV1,4,32921,0
CSV1,5,32949,0
CSV1,6,32890,0
CSV1,7,32854,0
CSV1,8,32939,0
CSV1,9,32833,0
I RESULT 1 threads: best 32.833 ms, mean 33.914 ms over 10 runs
CSV4,0,13898,0
CSV4,1,13366,0
CSV4,2,13419,0
CSV4,3,13471,0
CSV4,4,13304,0
CSV4,5,13302,0
CSV4,6,13400,0
CSV4,7,13282,0
CSV4,8,13282,0
CSV4,9,13366,0
I RESULT 4 threads: best 13.282 ms, mean 13.409 ms over 10 runs
OUT,float32,0,0.583958,-0.688651,-1.32983,-0.44803,0.101791,0.172404,-1.2745,-1.18458,-0.699646,-0.179154,0.597115,0.680854,-0.802282,-0.120854,1.02844,0.122139,0.408657,-0.508783,-0.862804,0.48213,0.411431,1.68848,-0.463879,0.106163,-0.37503,1.45522,0.442316,-1.33661,-0.173289,-0.269709,1.73496,0.460945,-1.3311,0.772449,-0.637653,0.324973,0.1021,-0.735027,0.119124,0.950602,-0.524894,-0.329456,0.928798,-1.53434,0.828709,1.0234,1.42365,0.444821,0.300849,1.40058,-0.835738,-0.72637,0.716845,0.120863,-1.4459,0.661778,0.0663482,-0.848065,0.468523,0.780103,0.11322,-0.238522,0.47628,-1.60201,-0.696339,-1.31869,0.29537,-0.963761,0.479456,-0.211635,-0.721287,0.374445,-0.581441,1.0851,1.30585,-0.601858,-0.440543,-0.389866,-0.0631884,-0.634795,-0.640113,-0.3709,0.914162,0.993219,0.0346531,1.13244,0.0897065,0.725145,1.15928,-0.497485,-1.16766,-0.580852,1.55962,-0.989422,0.568517,-0.88315,0.337492,-0.873773,-0.340018,-0.165586,1.55466,-0.951833,-0.269034,0.220147,0.268233,-0.14607,-0.122783,0.444131,0.615045,0.702479,-0.318271,0.204871,-0.309033,-0.133942,0.156471,-0.450914,-0.637517,0.466039,-0.932454,-0.744724,-0.789354,1.57015,0.572792,-0.757073,-0.455778,-1.12668,-0.636518,0.12239
