  image (2352 words, 37,632 bytes) written over Quad-SPI in 941025000 ns
[v4_core] layer 0 done: 12634 cycles (pw-only, in 56x56, ng=2 nco=4          )
[v4_core] layer 1 done: 13080 cycles (  dw+pw, in 56x56, ng=4 nco=8          )
[v4_core] layer 2 done: 7040 cycles (  dw+pw, in 56x14, ng=8 nco=4          )
[v4_core] layer 3 done: 13976 cycles (  dw+pw, in 56x56, ng=4 nco=8          )
[v4_core] layer 4 done: 7040 cycles (  dw+pw, in 56x15, ng=8 nco=4          )
[v4_core] layer 5 done: 13976 cycles (  dw+pw, in 56x56, ng=4 nco=8          )
[v4_core] layer 6 done: 7040 cycles (  dw+pw, in 56x15, ng=8 nco=4          )
[v4_core] layer 7 done: 13976 cycles (  dw+pw, in 56x56, ng=4 nco=8          )
[v4_core] layer 8 done: 7040 cycles (  dw+pw, in 56x15, ng=8 nco=4          )
[v4_core] layer 9 done: 12591 cycles (pw-only, in 28x28, ng=4 nco=8          )
[v4_core] layer 10 done: 13112 cycles (  dw+pw, in 28x28, ng=8 nco=4, residual)
[v4_core] layer 11 done: 12591 cycles (pw-only, in 28x28, ng=4 nco=8          )
[v4_core] layer 12 done: 13112 cycles (  dw+pw, in 28x28, ng=8 nco=4, residual)
[v4_core] layer 13 done: 12591 cycles (pw-only, in 28x28, ng=4 nco=8          )
[v4_core] layer 14 done: 13112 cycles (  dw+pw, in 28x28, ng=8 nco=4, residual)
[v4_core] layer 15 done: 12591 cycles (pw-only, in 28x28, ng=4 nco=8          )
[v4_core] layer 16 done: 13112 cycles (  dw+pw, in 28x28, ng=8 nco=4, residual)
[v4_core] layer 17 done: 25135 cycles (pw-only, in 28x28, ng=4 nco=16          )
[v4_core] layer 18 done: 18177 cycles (  dw+pw, in 28x28, ng=16 nco=8          )
[v4_core] layer 19 done: 12599 cycles (pw-only, in 14x14, ng=8 nco=16          )
[v4_core] layer 20 done: 13176 cycles (  dw+pw, in 14x14, ng=16 nco=8, residual)
[v4_core] layer 21 done: 12599 cycles (pw-only, in 14x14, ng=8 nco=16          )
[v4_core] layer 22 done: 13176 cycles (  dw+pw, in 14x14, ng=16 nco=8, residual)
[v4_core] layer 23 done: 12599 cycles (pw-only, in 14x14, ng=8 nco=16          )
[v4_core] layer 24 done: 13176 cycles (  dw+pw, in 14x14, ng=16 nco=8, residual)
[v4_core] layer 25 done: 12599 cycles (pw-only, in 14x14, ng=8 nco=16          )
[v4_core] layer 26 done: 13176 cycles (  dw+pw, in 14x14, ng=16 nco=8, residual)
[v4_core] layer 27 done: 12599 cycles (pw-only, in 14x14, ng=8 nco=16          )
[v4_core] layer 28 done: 13176 cycles (  dw+pw, in 14x14, ng=16 nco=8, residual)
[v4_core] layer 29 done: 12599 cycles (pw-only, in 14x14, ng=8 nco=16          )
[v4_core] layer 30 done: 13176 cycles (  dw+pw, in 14x14, ng=16 nco=8, residual)
[v4_core] layer 31 done: 25143 cycles (pw-only, in 14x14, ng=8 nco=32          )
[v4_core] layer 32 done: 9733 cycles (  dw+pw, in 14x14, ng=32 nco=8          )
[v4_core] layer 33 done: 3254 cycles (pw-only, in 7x7, ng=8 nco=16          )
[v4_core] layer 34 done: 3607 cycles (  dw+pw, in 7x7, ng=16 nco=8, residual)
[v4_core] layer 35 done: 3254 cycles (pw-only, in 7x7, ng=8 nco=16          )
[v4_core] layer 36 done: 3607 cycles (  dw+pw, in 7x7, ng=16 nco=8, residual)
[v4_core] layer 37 done: 6454 cycles (pw-only, in 7x7, ng=8 nco=32          )
[v4_core] layer 38 done: 1633 cycles (GDConv , in 7x7, ng=32 nco=0          )
[v4_core] layer 39 done: 326 cycles (pw-only, in 1x1, ng=32 nco=8          )
[v4_core] network done: 460682 cycles, of which 6896 waiting for parameter loads
  STATUS 00000012 after 340 polls, start->done seen by the host: 2337260000 ns
  stats word: cycles 460683, waiting for parameters 6896, error 0, magic 344e4e56
=== v4 board top: embedding bit-exact, 0 errors; core cycles 460683 at 199.34 MHz = 2311 us ===
ALL TESTS PASSED (tb_v4_board_top)
sim/tb_v4_board_top.v:194: $finish called at 3301779975 (1ps)
