ESP-ROM:esp32c6-20220919
Build:Sep 19 2022
rst:0x15 (USB_UART_HPSYS),boot:0xc (SPI_FAST_FLASH_BOOT)
Saved PC:0x4001a336
SPIWP:0xee
mode:DIO, clock div:2
load:0x40875720,len:0x18ec
load:0x4086c110,len:0xe80
load:0x4086e610,len:0x2f4c
entry 0x4086c11a
[0;32mI (23) boot: ESP-IDF v5.3.5-1074-g045dd779fd3 2nd stage bootloader[0m
[0;32mI (23) boot: compile time Oct  7 2026 23:35:00[0m
[0;32mI (24) boot: chip revision: v0.2[0m
[0;32mI (27) boot: efuse block revision: v0.3[0m
[0;32mI (32) boot.esp32c6: SPI Speed      : 80MHz[0m
[0;32mI (37) boot.esp32c6: SPI Mode       : DIO[0m
[0;32mI (41) boot.esp32c6: SPI Flash Size : 8MB[0m
[0;32mI (46) boot: Enabling RNG early entropy source...[0m
[0;32mI (51) boot: Partition Table:[0m
[0;32mI (55) boot: ## Label            Usage          Type ST Offset   Length[0m
[0;32mI (62) boot:  0 nvs              WiFi data        01 02 00009000 00006000[0m
[0;32mI (70) boot:  1 phy_init         RF data          01 01 0000f000 00001000[0m
[0;32mI (77) boot:  2 factory          factory app      00 00 00010000 00600000[0m
[0;32mI (85) boot: End of partition table[0m
[0;32mI (89) esp_image: segment 0: paddr=00010020 vaddr=42020020 size=2cc320h (2933536) map[0m
[0;32mI (647) esp_image: segment 1: paddr=002dc348 vaddr=40800000 size=03cd0h ( 15568) load[0m
[0;32mI (651) esp_image: segment 2: paddr=002e0020 vaddr=42000020 size=138f0h ( 80112) map[0m
[0;32mI (668) esp_image: segment 3: paddr=002f3918 vaddr=40803cd0 size=06f08h ( 28424) load[0m
[0;32mI (675) esp_image: segment 4: paddr=002fa828 vaddr=4080abe0 size=017c4h (  6084) load[0m
[0;32mI (679) boot: Loaded app from partition at offset 0x10000[0m
[0;32mI (680) boot: Disabling RNG early entropy source...[0m
[0;32mI (697) cpu_start: Unicore app[0m
[0;32mI (705) cpu_start: Pro cpu start user code[0m
[0;32mI (705) cpu_start: cpu freq: 160000000 Hz[0m
[0;32mI (706) app_init: Application information:[0m
[0;32mI (708) app_init: Project name:     v4_s3_bench[0m
[0;32mI (713) app_init: App version:      v4-board-189-flashcfg-28-g70edb[0m
[0;32mI (720) app_init: Compile time:     Oct  7 2026 23:34:53[0m
[0;32mI (726) app_init: ELF file SHA256:  70ff3f678...[0m
[0;32mI (732) app_init: ESP-IDF:          v5.3.5-1074-g045dd779fd3[0m
[0;32mI (738) efuse_init: Min chip rev:     v0.0[0m
[0;32mI (743) efuse_init: Max chip rev:     v0.99 [0m
[0;32mI (748) efuse_init: Chip rev:         v0.2[0m
[0;32mI (753) heap_init: Initializing. RAM available for dynamic allocation:[0m
[0;32mI (760) heap_init: At 4080D310 len 0006F300 (444 KiB): RAM[0m
[0;32mI (766) heap_init: At 4087C610 len 00002F54 (11 KiB): RAM[0m
[0;32mI (772) heap_init: At 50000000 len 00003FE8 (15 KiB): RTCRAM[0m
[0;32mI (779) spi_flash: detected chip: generic[0m
[0;32mI (783) spi_flash: flash io: dio[0m
[0;32mI (787) sleep: Configure to isolate all GPIO pins in sleep state[0m
[0;32mI (794) sleep: Enable automatic switching of GPIO sleep configuration[0m
[0;32mI (811) main_task: Started on CPU0[0m
[0;32mI (814) main_task: Calling app_main()[0m
[0;32mI (819) v4_s3_bench: net.bin read in place from flash[0m
[0;32mI (826) v4_s3_bench: chip esp32c6, CPU 160 MHz, free heap 439404 (internal 439404, PSRAM 0)[0m
[0;32mI (834) v4_s3_bench: network: 15 layers, output 100 values, 2897404 bytes of net.bin[0m
[0;31mE (1098) v4_s3_bench: out of memory: 262144 bytes requested, largest free block 245760, free 271388[0m
