dr=0005568c vaddr=408000[0;32mI (219) cpu_start: Pro cpu start user code[0m
[0;32mI (219) cpu_start: cpu freq: ESP-ROM:esp32c6-20220919
Build:Sep 19 2022
rst:0x15 (USB_UART_HPSYS),boot:0xc (SPI_FAST_FLASH_BOOT)
Saved PC:0x4002b57c
SPIWP:0xee
mode:DIO, clock div:2
load:0x40875720,len:0x18ec
load:0x4086c110,len:0xe80
load:0x4086e610,len:0x2f4c
entry 0x4086c11a
[0;32mI (23) boot: ESP-IDF v5.3.5-1074-g045dd779fd3 2nd stage bootloader[0m
[0;32mI (23) boot: compile time Oct  7 2026 23:35:00[0m
[0;32mI (24) boot: chip revision: v0.2[0m
[0;32mI (27) boot: efuse block revision: v0.3[0m
[0;32mI (32) boot.esp32c6: SPI Speed      : 80MHz[0m
[0;32mI (37) boot.esp32c6: SPI Mode       : DIO[0m
[0;32mI (41) boot.esp32c6: SPI Flash Size : 8MB[0m
[0;32mI (46) boot: Enabling RNG early entropy source...[0m
[0;32mI (51) boot: Partition Table:[0m
[0;32mI (55) boot: ## Label            Usage          Type ST Offset   Length[0m
[0;32mI (62) boot:  0 nvs              WiFi data        01 02 00009000 00006000[0m
[0;32mI (70) boot:  1 phy_init         RF data          01 01 0000f000 00001000[0m
[0;32mI (77) boot:  2 factory          factory app      00 00 00010000 00600000[0m
[0;32mI (85) boot: End of partition table[0m
[0;32mI (89) esp_image: segment 0: paddr=00010020 vaddr=42020020 size=45664h (284260) map[0m
[0;32mI (151) esp_image: segment 1: paddr=0005568c vaddr=40800000 size=0a98ch ( 43404) load[0m
[0;32mI (161) esp_image: segment 2: paddr=00060020 vaddr=42000020 size=138f0h ( 80112) map[0m
[0;32mI (177) esp_image: segment 3: paddr=00073918 vaddr=4080a98c size=0024ch (   588) load[0m
[0;32mI (178) esp_image: segment 4: paddr=00073b6c vaddr=4080abe0 size=017c4h (  6084) load[0m
[0;32mI (186) boot: Loaded app from partition at offset 0x10000[0m
[0;32mI (189) boot: Disabling RNG early entropy source...[0m
[0;32mI (206) cpu_start: Unicore app[0m
[capture: port dropped, reopened]
[0;32mI (152) esp_image: segment 1: paddr=0005568c vaddr=408000[0;31mE (1359) v4_s3_bench: out of memory: 73728 bytes requested, largest free block 71680, free 110536[0m
