ESP-ROM:esp32c6-20220919
Build:Sep 19 2022
rst:0x15 (USB_UART_HPSYS),boot:0xc (SPI_FAST_FLASH_BOOT)
Saved PC:0x4001a484
SPIWP:0xee
mode:DIO, clock div:2
load:0x40875720,len:0x18ec
load:0x4086c110,len:0xe80
load:0x4086e610,len:0x2f4c
entry 0x4086c11a
[0;32mI (23) boot: ESP-IDF v5.3.5-1074-g045dd779fd3 2nd stage bootloader[0m
[0;32mI (23) boot: compile time Oct  7 2026 23:35:00[0m
[0;32mI (24) boot: chip revision: v0.2[0m
[0;32mI (27) boot: efuse block revision: v0.3[0m
[0;32mI (32) boot.esp32c6: SPI Speed      : 80MHz[0m
[0;32mI (37) boot.esp32c6: SPI Mode       : DIO[0m
[0;32mI (41) boot.esp32c6: SPI Flash Size : 8MB[0m
[0;32mI (46) boot: Enabling RNG early entropy source...[0m
[0;32mI (51) boot: Partition Table:[0m
[0;32mI (55) boot: ## Label            Usage          Type ST Offset   Length[0m
[0;32mI (62) boot:  0 nvs              WiFi data        01 02 00009000 00006000[0m
[0;32mI (70) boot:  1 phy_init         RF data          01 01 0000f000 00001000[0m
[0;32mI (77) boot:  2 factory          factory app      00 00 00010000 00600000[0m
[0;32mI (85) boot: End of partition table[0m
[0;32mI (89) esp_image: segment 0: paddr=00010020 vaddr=42020020 size=10c8fch (1100028) map[0m
[0;32mI (304) esp_image: segment 1: paddr=0011c924 vaddr=40800000 size=036f4h ( 14068) load[0m
[0;32mI (308) esp_image: segment 2: paddr=00120020 vaddr=42000020 size=138f0h ( 80112) map[0m
[0;32mI (324) esp_image: segment 3: paddr=00133918 vaddr=408036f4 size=074e4h ( 29924) load[0m
[0;32mI (332) esp_image: segment 4: paddr=0013ae04 vaddr=4080abe0 size=017c4h (  6084) load[0m
[0;32mI (337) boot: Loaded app from partition at offset 0x10000[0m
[0;32mI (337) boot: Disabling RNG early entropy source...[0m
[0;32mI (353) cpu_start: Unicore app[0m
[0;32mI (362) cpu_start: Pro cpu start user code[0m
[0;32mI (362) cpu_start: cpu freq: 160000000 Hz[0m
[0;32mI (362) app_init: Application information:[0m
[0;32mI (365) app_init: Project name:     v4_s3_bench[0m
[0;32mI (370) app_init: App version:      v4-board-189-flashcfg-28-g70edb[0m
[0;32mI (377) app_init: Compile time:     Oct  7 2026 23:34:53[0m
[0;32mI (383) app_init: ELF file SHA256:  33c5108cc...[0m
[0;32mI (388) app_init: ESP-IDF:          v5.3.5-1074-g045dd779fd3[0m
[0;32mI (395) efuse_init: Min chip rev:     v0.0[0m
[0;32mI (399) efuse_init: Max chip rev:     v0.99 [0m
[0;32mI (404) efuse_init: Chip rev:         v0.2[0m
[0;32mI (409) heap_init: Initializing. RAM available for dynamic allocation:[0m
[0;32mI (416) heap_init: At 4080D310 len 0006F300 (444 KiB): RAM[0m
[0;32mI (423) heap_init: At 4087C610 len 00002F54 (11 KiB): RAM[0m
[0;32mI (429) heap_init: At 50000000 len 00003FE8 (15 KiB): RTCRAM[0m
[0;32mI (436) spi_flash: detected chip: generic[0m
[0;32mI (440) spi_flash: flash io: dio[0m
[0;32mI (444) sleep: Configure to isolate all GPIO pins in sleep state[0m
[0;32mI (450) sleep: Enable automatic switching of GPIO sleep configuration[0m
[0;32mI (468) main_task: Started on CPU0[0m
[0;32mI (471) main_task: Calling app_main()[0m
[0;32mI (476) v4_s3_bench: net.bin read in place from flash[0m
[0;32mI (485) v4_s3_bench: chip esp32c6, CPU 160 MHz, free heap 409948 (internal 409948, PSRAM 0)[0m
[0;32mI (491) v4_s3_bench: network: 34 layers, output 128 values, 1063896 bytes of net.bin[0m
[0;31mE (913) v4_s3_bench: out of memory: 200704 bytes requested, largest free block 143360, free 172300[0m
